Archive member included because of file (symbol)

f:/0_iti/iti_tools/01- embedded systems avr tools/01- imt sdk/imt_sdk_win_64/winavr/bin/../lib/gcc/avr/4.3.3/avr5\libgcc.a(_exit.o)
                              f:/0_iti/iti_tools/01- embedded systems avr tools/01- imt sdk/imt_sdk_win_64/winavr/bin/../lib/gcc/avr/4.3.3/../../../../avr/lib/avr5/crtm32.o (exit)
f:/0_iti/iti_tools/01- embedded systems avr tools/01- imt sdk/imt_sdk_win_64/winavr/bin/../lib/gcc/avr/4.3.3/avr5\libgcc.a(_clear_bss.o)
                              ./MCAL/EXTI/EXTI_program.o (__do_clear_bss)

Memory Configuration

Name             Origin             Length             Attributes
text             0x00000000         0x00020000         xr
data             0x00800060         0x0000ffa0         rw !x
eeprom           0x00810000         0x00010000         rw !x
fuse             0x00820000         0x00000400         rw !x
lock             0x00830000         0x00000400         rw !x
signature        0x00840000         0x00000400         rw !x
*default*        0x00000000         0xffffffff

Linker script and memory map

LOAD f:/0_iti/iti_tools/01- embedded systems avr tools/01- imt sdk/imt_sdk_win_64/winavr/bin/../lib/gcc/avr/4.3.3/../../../../avr/lib/avr5/crtm32.o
LOAD ./MCAL/GIE/GIE_program.o
LOAD ./MCAL/EXTI/EXTI_program.o
LOAD ./MCAL/DIO/DIO_program.o
LOAD ./MCAL/ADC/ADC_program.o
LOAD ./APP/main.o
LOAD f:/0_iti/iti_tools/01- embedded systems avr tools/01- imt sdk/imt_sdk_win_64/winavr/bin/../lib/gcc/avr/4.3.3/avr5\libgcc.a
LOAD f:/0_iti/iti_tools/01- embedded systems avr tools/01- imt sdk/imt_sdk_win_64/winavr/bin/../lib/gcc/avr/4.3.3/../../../../avr/lib/avr5\libc.a
LOAD f:/0_iti/iti_tools/01- embedded systems avr tools/01- imt sdk/imt_sdk_win_64/winavr/bin/../lib/gcc/avr/4.3.3/avr5\libgcc.a

.hash
 *(.hash)

.dynsym
 *(.dynsym)

.dynstr
 *(.dynstr)

.gnu.version
 *(.gnu.version)

.gnu.version_d
 *(.gnu.version_d)

.gnu.version_r
 *(.gnu.version_r)

.rel.init
 *(.rel.init)

.rela.init
 *(.rela.init)

.rel.text
 *(.rel.text)
 *(.rel.text.*)
 *(.rel.gnu.linkonce.t*)

.rela.text
 *(.rela.text)
 *(.rela.text.*)
 *(.rela.gnu.linkonce.t*)

.rel.fini
 *(.rel.fini)

.rela.fini
 *(.rela.fini)

.rel.rodata
 *(.rel.rodata)
 *(.rel.rodata.*)
 *(.rel.gnu.linkonce.r*)

.rela.rodata
 *(.rela.rodata)
 *(.rela.rodata.*)
 *(.rela.gnu.linkonce.r*)

.rel.data
 *(.rel.data)
 *(.rel.data.*)
 *(.rel.gnu.linkonce.d*)

.rela.data
 *(.rela.data)
 *(.rela.data.*)
 *(.rela.gnu.linkonce.d*)

.rel.ctors
 *(.rel.ctors)

.rela.ctors
 *(.rela.ctors)

.rel.dtors
 *(.rel.dtors)

.rela.dtors
 *(.rela.dtors)

.rel.got
 *(.rel.got)

.rela.got
 *(.rela.got)

.rel.bss
 *(.rel.bss)

.rela.bss
 *(.rela.bss)

.rel.plt
 *(.rel.plt)

.rela.plt
 *(.rela.plt)

.text           0x00000000      0xfd6
 *(.vectors)
 .vectors       0x00000000       0x54 f:/0_iti/iti_tools/01- embedded systems avr tools/01- imt sdk/imt_sdk_win_64/winavr/bin/../lib/gcc/avr/4.3.3/../../../../avr/lib/avr5/crtm32.o
                0x00000000                __vectors
                0x00000000                __vector_default
 *(.vectors)
 *(.progmem.gcc*)
 *(.progmem*)
                0x00000054                . = ALIGN (0x2)
                0x00000054                __trampolines_start = .
 *(.trampolines)
 .trampolines   0x00000054        0x0 linker stubs
 *(.trampolines*)
                0x00000054                __trampolines_end = .
 *(.jumptables)
 *(.jumptables*)
 *(.lowtext)
 *(.lowtext*)
                0x00000054                __ctors_start = .
 *(.ctors)
                0x00000054                __ctors_end = .
                0x00000054                __dtors_start = .
 *(.dtors)
                0x00000054                __dtors_end = .
 SORT(*)(.ctors)
 SORT(*)(.dtors)
 *(.init0)
 .init0         0x00000054        0x0 f:/0_iti/iti_tools/01- embedded systems avr tools/01- imt sdk/imt_sdk_win_64/winavr/bin/../lib/gcc/avr/4.3.3/../../../../avr/lib/avr5/crtm32.o
                0x00000054                __init
 *(.init0)
 *(.init1)
 *(.init1)
 *(.init2)
 .init2         0x00000054        0xc f:/0_iti/iti_tools/01- embedded systems avr tools/01- imt sdk/imt_sdk_win_64/winavr/bin/../lib/gcc/avr/4.3.3/../../../../avr/lib/avr5/crtm32.o
 *(.init2)
 *(.init3)
 *(.init3)
 *(.init4)
 .init4         0x00000060       0x10 f:/0_iti/iti_tools/01- embedded systems avr tools/01- imt sdk/imt_sdk_win_64/winavr/bin/../lib/gcc/avr/4.3.3/avr5\libgcc.a(_clear_bss.o)
                0x00000060                __do_clear_bss
 *(.init4)
 *(.init5)
 *(.init5)
 *(.init6)
 *(.init6)
 *(.init7)
 *(.init7)
 *(.init8)
 *(.init8)
 *(.init9)
 .init9         0x00000070        0x8 f:/0_iti/iti_tools/01- embedded systems avr tools/01- imt sdk/imt_sdk_win_64/winavr/bin/../lib/gcc/avr/4.3.3/../../../../avr/lib/avr5/crtm32.o
 *(.init9)
 *(.text)
 .text          0x00000078        0x4 f:/0_iti/iti_tools/01- embedded systems avr tools/01- imt sdk/imt_sdk_win_64/winavr/bin/../lib/gcc/avr/4.3.3/../../../../avr/lib/avr5/crtm32.o
                0x00000078                __vector_1
                0x00000078                __vector_12
                0x00000078                __bad_interrupt
                0x00000078                __vector_6
                0x00000078                __vector_3
                0x00000078                __vector_11
                0x00000078                __vector_13
                0x00000078                __vector_17
                0x00000078                __vector_19
                0x00000078                __vector_7
                0x00000078                __vector_5
                0x00000078                __vector_4
                0x00000078                __vector_9
                0x00000078                __vector_2
                0x00000078                __vector_15
                0x00000078                __vector_8
                0x00000078                __vector_14
                0x00000078                __vector_10
                0x00000078                __vector_18
                0x00000078                __vector_20
 .text          0x0000007c        0x0 ./MCAL/GIE/GIE_program.o
 .text          0x0000007c        0x0 ./MCAL/EXTI/EXTI_program.o
 .text          0x0000007c        0x0 ./MCAL/DIO/DIO_program.o
 .text          0x0000007c        0x0 ./MCAL/ADC/ADC_program.o
 .text          0x0000007c        0x0 ./APP/main.o
 .text          0x0000007c        0x0 f:/0_iti/iti_tools/01- embedded systems avr tools/01- imt sdk/imt_sdk_win_64/winavr/bin/../lib/gcc/avr/4.3.3/avr5\libgcc.a(_exit.o)
 .text          0x0000007c        0x0 f:/0_iti/iti_tools/01- embedded systems avr tools/01- imt sdk/imt_sdk_win_64/winavr/bin/../lib/gcc/avr/4.3.3/avr5\libgcc.a(_clear_bss.o)
                0x0000007c                . = ALIGN (0x2)
 *(.text.*)
 .text.GIE_voidEnable
                0x0000007c       0x1c ./MCAL/GIE/GIE_program.o
                0x0000007c                GIE_voidEnable
 .text.GIE_voidDisable
                0x00000098       0x1c ./MCAL/GIE/GIE_program.o
                0x00000098                GIE_voidDisable
 .text.EXTI_voidInterruptEnable
                0x000000b4       0x6e ./MCAL/EXTI/EXTI_program.o
                0x000000b4                EXTI_voidInterruptEnable
 .text.EXTI_voidInterruptDisable
                0x00000122       0x6e ./MCAL/EXTI/EXTI_program.o
                0x00000122                EXTI_voidInterruptDisable
 .text.EXTI_voidSetTriggerEdge
                0x00000190      0x200 ./MCAL/EXTI/EXTI_program.o
                0x00000190                EXTI_voidSetTriggerEdge
 .text.EXTI_u8ReadInterruptFlag
                0x00000390       0x78 ./MCAL/EXTI/EXTI_program.o
                0x00000390                EXTI_u8ReadInterruptFlag
 .text.EXTI_voidClearInterruptFlag
                0x00000408       0x6e ./MCAL/EXTI/EXTI_program.o
                0x00000408                EXTI_voidClearInterruptFlag
 .text.EXTI_voidSetCallBack
                0x00000476       0x34 ./MCAL/EXTI/EXTI_program.o
                0x00000476                EXTI_voidSetCallBack
 .text.ISR      0x000004aa       0x34 ./MCAL/EXTI/EXTI_program.o
                0x000004aa                ISR
 .text.DIO_SetPortDirection
                0x000004de       0x82 ./MCAL/DIO/DIO_program.o
                0x000004de                DIO_SetPortDirection
 .text.DIO_voidSetPinDirection
                0x00000560      0x38e ./MCAL/DIO/DIO_program.o
                0x00000560                DIO_voidSetPinDirection
 .text.DIO_voidSetPortValue
                0x000008ee       0x82 ./MCAL/DIO/DIO_program.o
                0x000008ee                DIO_voidSetPortValue
 .text.DIO_voidWritePin
                0x00000970      0x22e ./MCAL/DIO/DIO_program.o
                0x00000970                DIO_voidWritePin
 .text.DIO_u8ReadPin
                0x00000b9e       0xf2 ./MCAL/DIO/DIO_program.o
                0x00000b9e                DIO_u8ReadPin
 .text.DIO_voidTogglePin
                0x00000c90       0xfa ./MCAL/DIO/DIO_program.o
                0x00000c90                DIO_voidTogglePin
 .text.ADC_voidInit
                0x00000d8a       0x7e ./MCAL/ADC/ADC_program.o
                0x00000d8a                ADC_voidInit
 .text.ADC_u8ReadSynchronous
                0x00000e08       0x70 ./MCAL/ADC/ADC_program.o
                0x00000e08                ADC_u8ReadSynchronous
 .text.ADC_u16ReadSynchronous
                0x00000e78       0x7a ./MCAL/ADC/ADC_program.o
                0x00000e78                ADC_u16ReadSynchronous
 .text.ADC_u16ReadAsynchronous
                0x00000ef2       0x7c ./MCAL/ADC/ADC_program.o
                0x00000ef2                ADC_u16ReadAsynchronous
 .text.__vector_16
                0x00000f6e       0x2a ./MCAL/ADC/ADC_program.o
                0x00000f6e                __vector_16
 .text.main     0x00000f98       0x3a ./APP/main.o
                0x00000f98                main
 .text.libgcc   0x00000fd2        0x0 f:/0_iti/iti_tools/01- embedded systems avr tools/01- imt sdk/imt_sdk_win_64/winavr/bin/../lib/gcc/avr/4.3.3/avr5\libgcc.a(_exit.o)
 .text.libgcc   0x00000fd2        0x0 f:/0_iti/iti_tools/01- embedded systems avr tools/01- imt sdk/imt_sdk_win_64/winavr/bin/../lib/gcc/avr/4.3.3/avr5\libgcc.a(_clear_bss.o)
                0x00000fd2                . = ALIGN (0x2)
 *(.fini9)
 .fini9         0x00000fd2        0x0 f:/0_iti/iti_tools/01- embedded systems avr tools/01- imt sdk/imt_sdk_win_64/winavr/bin/../lib/gcc/avr/4.3.3/avr5\libgcc.a(_exit.o)
                0x00000fd2                exit
                0x00000fd2                _exit
 *(.fini9)
 *(.fini8)
 *(.fini8)
 *(.fini7)
 *(.fini7)
 *(.fini6)
 *(.fini6)
 *(.fini5)
 *(.fini5)
 *(.fini4)
 *(.fini4)
 *(.fini3)
 *(.fini3)
 *(.fini2)
 *(.fini2)
 *(.fini1)
 *(.fini1)
 *(.fini0)
 .fini0         0x00000fd2        0x4 f:/0_iti/iti_tools/01- embedded systems avr tools/01- imt sdk/imt_sdk_win_64/winavr/bin/../lib/gcc/avr/4.3.3/avr5\libgcc.a(_exit.o)
 *(.fini0)
                0x00000fd6                _etext = .

.data           0x00800060        0x0 load address 0x00000fd6
                0x00800060                PROVIDE (__data_start, .)
 *(.data)
 .data          0x00800060        0x0 f:/0_iti/iti_tools/01- embedded systems avr tools/01- imt sdk/imt_sdk_win_64/winavr/bin/../lib/gcc/avr/4.3.3/../../../../avr/lib/avr5/crtm32.o
 .data          0x00800060        0x0 ./MCAL/GIE/GIE_program.o
 .data          0x00800060        0x0 ./MCAL/EXTI/EXTI_program.o
 .data          0x00800060        0x0 ./MCAL/DIO/DIO_program.o
 .data          0x00800060        0x0 ./MCAL/ADC/ADC_program.o
 .data          0x00800060        0x0 ./APP/main.o
 .data          0x00800060        0x0 f:/0_iti/iti_tools/01- embedded systems avr tools/01- imt sdk/imt_sdk_win_64/winavr/bin/../lib/gcc/avr/4.3.3/avr5\libgcc.a(_exit.o)
 .data          0x00800060        0x0 f:/0_iti/iti_tools/01- embedded systems avr tools/01- imt sdk/imt_sdk_win_64/winavr/bin/../lib/gcc/avr/4.3.3/avr5\libgcc.a(_clear_bss.o)
 *(.data*)
 *(.rodata)
 *(.rodata*)
 *(.gnu.linkonce.d*)
                0x00800060                . = ALIGN (0x2)
                0x00800060                _edata = .
                0x00800060                PROVIDE (__data_end, .)

.bss            0x00800060        0x4
                0x00800060                PROVIDE (__bss_start, .)
 *(.bss)
 .bss           0x00800060        0x0 f:/0_iti/iti_tools/01- embedded systems avr tools/01- imt sdk/imt_sdk_win_64/winavr/bin/../lib/gcc/avr/4.3.3/../../../../avr/lib/avr5/crtm32.o
 .bss           0x00800060        0x0 ./MCAL/GIE/GIE_program.o
 .bss           0x00800060        0x0 ./MCAL/EXTI/EXTI_program.o
 .bss           0x00800060        0x0 ./MCAL/DIO/DIO_program.o
 .bss           0x00800060        0x0 ./MCAL/ADC/ADC_program.o
 .bss           0x00800060        0x0 ./APP/main.o
 .bss           0x00800060        0x0 f:/0_iti/iti_tools/01- embedded systems avr tools/01- imt sdk/imt_sdk_win_64/winavr/bin/../lib/gcc/avr/4.3.3/avr5\libgcc.a(_exit.o)
 .bss           0x00800060        0x0 f:/0_iti/iti_tools/01- embedded systems avr tools/01- imt sdk/imt_sdk_win_64/winavr/bin/../lib/gcc/avr/4.3.3/avr5\libgcc.a(_clear_bss.o)
 *(.bss*)
 .bss.INT0FunPtr
                0x00800060        0x2 ./MCAL/EXTI/EXTI_program.o
 .bss.ADC_u8Flag
                0x00800062        0x1 ./MCAL/ADC/ADC_program.o
                0x00800062                ADC_u8Flag
 .bss.Local_u8Flag.1299
                0x00800063        0x1 ./MCAL/ADC/ADC_program.o
 *(COMMON)
                0x00800064                PROVIDE (__bss_end, .)
                0x00000fd6                __data_load_start = LOADADDR (.data)
                0x00000fd6                __data_load_end = (__data_load_start + SIZEOF (.data))

.noinit         0x00800064        0x0
                0x00800064                PROVIDE (__noinit_start, .)
 *(.noinit*)
                0x00800064                PROVIDE (__noinit_end, .)
                0x00800064                _end = .
                0x00800064                PROVIDE (__heap_start, .)

.eeprom         0x00810000        0x0
 *(.eeprom*)
                0x00810000                __eeprom_end = .

.fuse
 *(.fuse)
 *(.lfuse)
 *(.hfuse)
 *(.efuse)

.lock
 *(.lock*)

.signature
 *(.signature*)

.stab           0x00000000     0x1404
 *(.stab)
 .stab          0x00000000      0x1bc ./MCAL/GIE/GIE_program.o
 .stab          0x000001bc      0x4ec ./MCAL/EXTI/EXTI_program.o
                                0x4f8 (size before relaxing)
 .stab          0x000006a8      0x588 ./MCAL/DIO/DIO_program.o
                                0x594 (size before relaxing)
 .stab          0x00000c30      0x450 ./MCAL/ADC/ADC_program.o
                                0x45c (size before relaxing)
 .stab          0x00001080      0x384 ./APP/main.o
                                0x390 (size before relaxing)

.stabstr        0x00000000      0xbe4
 *(.stabstr)
 .stabstr       0x00000000      0xbe4 ./MCAL/GIE/GIE_program.o

.stab.excl
 *(.stab.excl)

.stab.exclstr
 *(.stab.exclstr)

.stab.index
 *(.stab.index)

.stab.indexstr
 *(.stab.indexstr)

.comment
 *(.comment)

.debug
 *(.debug)

.line
 *(.line)

.debug_srcinfo
 *(.debug_srcinfo)

.debug_sfnames
 *(.debug_sfnames)

.debug_aranges
 *(.debug_aranges)

.debug_pubnames
 *(.debug_pubnames)

.debug_info
 *(.debug_info)
 *(.gnu.linkonce.wi.*)

.debug_abbrev
 *(.debug_abbrev)

.debug_line
 *(.debug_line)

.debug_frame
 *(.debug_frame)

.debug_str
 *(.debug_str)

.debug_loc
 *(.debug_loc)

.debug_macinfo
 *(.debug_macinfo)
OUTPUT(ADC_Test.elf elf32-avr)
LOAD linker stubs
